&parser.fromInstruction{
    elements: {
        &parser.fromString{rawText:"from"},
        &parser.space{rawText:" "},
        &parser.imageInfo{
            name:   "ubuntu",
            tag:    optional.Of[string]{},
            digest: optional.Of[string]{},
        },
    },
    fromString: &parser.fromString{rawText:"from"},
    imageInfo:  &parser.imageInfo{
        name:   "ubuntu",
        tag:    optional.Of[string]{},
        digest: optional.Of[string]{},
    },
    buildStageInfo: optional.Of[*github.com/tklab-group/forge/moldfile/parser.buildStageInfo]{},
    platformArg:    optional.Of[*github.com/tklab-group/forge/moldfile/parser.platformArg]{},
}