&parser.otherInstruction{
    rawTextContainer: parser.rawTextContainer{rawText:"\n"},
}