&parser.otherInstruction{
    rawTextContainer: parser.rawTextContainer{rawText:"# comment line"},
}