&parser.otherInstruction{
    rawTextContainer: parser.rawTextContainer{rawText:"WORKDIR /src\n"},
}