&parser.runInstruction{
    elements: {
        &parser.runString{
            rawTextContainer: parser.rawTextContainer{rawText:"RUN"},
        },
        &parser.space{
            rawTextContainer: parser.rawTextContainer{rawText:" "},
        },
        &parser.packageManagerCmd{
            elements: {
                &parser.packageManagerMainCmd{
                    rawTextContainer: parser.rawTextContainer{rawText:"apt"},
                },
                &parser.space{
                    rawTextContainer: parser.rawTextContainer{rawText:" "},
                },
                &parser.packageManagerSubCmd{
                    rawTextContainer: parser.rawTextContainer{rawText:"install"},
                },
                &parser.space{
                    rawTextContainer: parser.rawTextContainer{rawText:" "},
                },
                &parser.packageManagerOption{
                    rawTextContainer: parser.rawTextContainer{rawText:"-y"},
                },
                &parser.space{
                    rawTextContainer: parser.rawTextContainer{rawText:" "},
                },
                &parser.backslash{
                    rawTextContainer: parser.rawTextContainer{rawText:"\\"},
                },
                &parser.newlineChar{
                    rawTextContainer: parser.rawTextContainer{rawText:"\n"},
                },
                &parser.space{
                    rawTextContainer: parser.rawTextContainer{rawText:" "},
                },
                &parser.space{
                    rawTextContainer: parser.rawTextContainer{rawText:" "},
                },
                &parser.space{
                    rawTextContainer: parser.rawTextContainer{rawText:" "},
                },
                &parser.space{
                    rawTextContainer: parser.rawTextContainer{rawText:" "},
                },
                &parser.comment{
                    rawTextContainer: parser.rawTextContainer{rawText:"# install curl\n"},
                },
                &parser.space{
                    rawTextContainer: parser.rawTextContainer{rawText:" "},
                },
                &parser.space{
                    rawTextContainer: parser.rawTextContainer{rawText:" "},
                },
                &parser.space{
                    rawTextContainer: parser.rawTextContainer{rawText:" "},
                },
                &parser.space{
                    rawTextContainer: parser.rawTextContainer{rawText:" "},
                },
                &parser.packageManagerArg{
                    packageInfo: &parser.aptPackageInfo{
                        name:    "curl",
                        version: optional.Of[string]{},
                    },
                },
            },
            mainCmd: &parser.packageManagerMainCmd{
                rawTextContainer: parser.rawTextContainer{rawText:"apt"},
            },
            mainCmdOptions: {
            },
            subCmd: &parser.packageManagerSubCmd{
                rawTextContainer: parser.rawTextContainer{rawText:"install"},
            },
            subCmdOptions: {
                &parser.packageManagerOption{
                    rawTextContainer: parser.rawTextContainer{rawText:"-y"},
                },
            },
            packages: {
                &parser.aptPackageInfo{
                    name:    "curl",
                    version: optional.Of[string]{},
                },
            },
        },
    },
    runString: &parser.runString{
        rawTextContainer: parser.rawTextContainer{rawText:"RUN"},
    },
}