&parser.runInstruction{
    elements: {
        &parser.runString{
            rawTextContainer: parser.rawTextContainer{rawText:"RUN"},
        },
        &parser.space{
            rawTextContainer: parser.rawTextContainer{rawText:" "},
        },
        &parser.packageManagerCmd{
            elements: {
                &parser.packageManagerMainCmd{
                    rawTextContainer: parser.rawTextContainer{rawText:"apt"},
                },
                &parser.space{
                    rawTextContainer: parser.rawTextContainer{rawText:" "},
                },
                &parser.packageManagerSubCmd{
                    rawTextContainer: parser.rawTextContainer{rawText:"install"},
                },
                &parser.space{
                    rawTextContainer: parser.rawTextContainer{rawText:" "},
                },
                &parser.packageManagerOption{
                    rawTextContainer: parser.rawTextContainer{rawText:"-y"},
                },
                &parser.space{
                    rawTextContainer: parser.rawTextContainer{rawText:" "},
                },
                &parser.packageManagerArg{
                    packageInfo: &parser.aptPackageInfo{
                        name:    "curl",
                        version: optional.Of[string]{},
                    },
                },
                &parser.space{
                    rawTextContainer: parser.rawTextContainer{rawText:" "},
                },
            },
            mainCmd: &parser.packageManagerMainCmd{
                rawTextContainer: parser.rawTextContainer{rawText:"apt"},
            },
            mainCmdOptions: {
            },
            subCmd: &parser.packageManagerSubCmd{
                rawTextContainer: parser.rawTextContainer{rawText:"install"},
            },
            subCmdOptions: {
                &parser.packageManagerOption{
                    rawTextContainer: parser.rawTextContainer{rawText:"-y"},
                },
            },
            packages: {
                &parser.aptPackageInfo{
                    name:    "curl",
                    version: optional.Of[string]{},
                },
            },
        },
        &parser.commandSeparator{
            rawTextContainer: parser.rawTextContainer{rawText:"&&"},
        },
        &parser.space{
            rawTextContainer: parser.rawTextContainer{rawText:" "},
        },
        &parser.backslash{
            rawTextContainer: parser.rawTextContainer{rawText:"\\"},
        },
        &parser.newlineChar{
            rawTextContainer: parser.rawTextContainer{rawText:"\n"},
        },
        &parser.space{
            rawTextContainer: parser.rawTextContainer{rawText:" "},
        },
        &parser.space{
            rawTextContainer: parser.rawTextContainer{rawText:" "},
        },
        &parser.space{
            rawTextContainer: parser.rawTextContainer{rawText:" "},
        },
        &parser.space{
            rawTextContainer: parser.rawTextContainer{rawText:" "},
        },
        &parser.otherCmd{
            rawTextContainer: parser.rawTextContainer{rawText:"curl \\\n    # Data source is example.com\n    http://example.com \\\n    "},
        },
        &parser.commandSeparator{
            rawTextContainer: parser.rawTextContainer{rawText:"&&"},
        },
        &parser.space{
            rawTextContainer: parser.rawTextContainer{rawText:" "},
        },
        &parser.packageManagerCmd{
            elements: {
                &parser.packageManagerMainCmd{
                    rawTextContainer: parser.rawTextContainer{rawText:"apt"},
                },
                &parser.space{
                    rawTextContainer: parser.rawTextContainer{rawText:" "},
                },
                &parser.packageManagerSubCmd{
                    rawTextContainer: parser.rawTextContainer{rawText:"install"},
                },
                &parser.space{
                    rawTextContainer: parser.rawTextContainer{rawText:" "},
                },
                &parser.packageManagerOption{
                    rawTextContainer: parser.rawTextContainer{rawText:"-y"},
                },
                &parser.space{
                    rawTextContainer: parser.rawTextContainer{rawText:" "},
                },
                &parser.packageManagerArg{
                    packageInfo: &parser.aptPackageInfo{
                        name:    "git",
                        version: optional.Of[string]{},
                    },
                },
            },
            mainCmd: &parser.packageManagerMainCmd{
                rawTextContainer: parser.rawTextContainer{rawText:"apt"},
            },
            mainCmdOptions: {
            },
            subCmd: &parser.packageManagerSubCmd{
                rawTextContainer: parser.rawTextContainer{rawText:"install"},
            },
            subCmdOptions: {
                &parser.packageManagerOption{
                    rawTextContainer: parser.rawTextContainer{rawText:"-y"},
                },
            },
            packages: {
                &parser.aptPackageInfo{
                    name:    "git",
                    version: optional.Of[string]{},
                },
            },
        },
    },
    runString: &parser.runString{
        rawTextContainer: parser.rawTextContainer{rawText:"RUN"},
    },
}