&parser.moldFile{
    buildStages: {
        &parser.buildStage{
            instructions: {
                &parser.fromInstruction{
                    elements: {
                        &parser.fromString{
                            rawTextContainer: parser.rawTextContainer{rawText:"FROM"},
                        },
                        &parser.space{
                            rawTextContainer: parser.rawTextContainer{rawText:" "},
                        },
                        &parser.imageInfo{
                            name:   "ubuntu",
                            tag:    optional.Of[string]{},
                            digest: optional.Of[string]{},
                        },
                        &parser.newlineChar{
                            rawTextContainer: parser.rawTextContainer{rawText:"\n"},
                        },
                    },
                    fromString: &parser.fromString{
                        rawTextContainer: parser.rawTextContainer{rawText:"FROM"},
                    },
                    imageInfo: &parser.imageInfo{
                        name:   "ubuntu",
                        tag:    optional.Of[string]{},
                        digest: optional.Of[string]{},
                    },
                    buildStageInfo: optional.Of[*github.com/tklab-group/forge/moldfile/parser.buildStageInfo]{},
                    platformFlag:   optional.Of[*github.com/tklab-group/forge/moldfile/parser.platformFlag]{},
                },
                &parser.otherInstruction{
                    rawTextContainer: parser.rawTextContainer{rawText:"\n"},
                },
                &parser.runInstruction{
                    elements: {
                        &parser.runString{
                            rawTextContainer: parser.rawTextContainer{rawText:"RUN"},
                        },
                        &parser.space{
                            rawTextContainer: parser.rawTextContainer{rawText:" "},
                        },
                        &parser.packageManagerCmd{
                            elements: {
                                &parser.packageManagerMainCmd{
                                    rawTextContainer: parser.rawTextContainer{rawText:"apt"},
                                },
                                &parser.space{
                                    rawTextContainer: parser.rawTextContainer{rawText:" "},
                                },
                                &parser.packageManagerSubCmd{
                                    rawTextContainer: parser.rawTextContainer{rawText:"install"},
                                },
                                &parser.space{
                                    rawTextContainer: parser.rawTextContainer{rawText:" "},
                                },
                                &parser.packageManagerArg{
                                    packageInfo: &parser.aptPackageInfo{
                                        name:    "wget",
                                        version: optional.Of[string]{},
                                    },
                                },
                            },
                            mainCmd: &parser.packageManagerMainCmd{
                                rawTextContainer: parser.rawTextContainer{rawText:"apt"},
                            },
                            mainCmdOptions: {
                            },
                            subCmd: &parser.packageManagerSubCmd{
                                rawTextContainer: parser.rawTextContainer{rawText:"install"},
                            },
                            subCmdOptions: {
                            },
                            packages: {
                                &parser.aptPackageInfo{
                                    name:    "wget",
                                    version: optional.Of[string]{},
                                },
                            },
                        },
                    },
                    runString: &parser.runString{
                        rawTextContainer: parser.rawTextContainer{rawText:"RUN"},
                    },
                },
            },
        },
    },
}